../Core/Src/bno055.c:23:6:bno055_assign	16	static
../Core/Src/bno055.c:27:6:bno055_init	16	static
../Core/Src/bno055.c:46:6:bno055_writeData	32	static
../Core/Src/bno055.c:71:6:bno055_readData	40	static
../Core/Src/bno055.c:87:6:bno055_delay	16	static
../Core/Src/bno055.c:91:6:bno055_reset	8	static
../Core/Src/bno055.c:96:9:bno055_setPage	16	static
../Core/Src/bno055.c:101:8:bno055_getOperationMode	16	static
../Core/Src/bno055.c:107:6:bno055_setOperationMode	16	static
../Core/Src/bno055.c:112:6:bno055_setOperationModeConfig	8	static
../Core/Src/bno055.c:116:6:bno055_setOperationModeNDOF	8	static
../Core/Src/bno055.c:121:28:bno055_getCalibrationState	24	static
../Core/Src/bno055.c:135:27:bno055_getCalibrationData	72	static
../Core/Src/bno055.c:156:6:bno055_setCalibrationData	40	static
../Core/Src/bno055.c:172:8:bno055_getTemp	16	static
../Core/Src/bno055.c:178:20:bno055_getVector	152	static
../Core/Src/bno055.c:223:20:bno055_getVectorAccelerometer	88	static
../Core/Src/bno055.c:227:20:bno055_getVectorMagnetometer	88	static
../Core/Src/bno055.c:231:20:bno055_getVectorGyroscope	88	static
../Core/Src/bno055.c:235:20:bno055_getVectorEuler	88	static
../Core/Src/bno055.c:239:20:bno055_getVectorLinearAccel	88	static
../Core/Src/bno055.c:243:20:bno055_getVectorGravity	88	static
../Core/Src/bno055.c:247:20:bno055_getVectorQuaternion	88	static
