../Core/Src/drv8245-q1.c:16:6:drv8245_assign	16	static
../Core/Src/drv8245-q1.c:24:6:drv8245_readData	32	static
../Core/Src/drv8245-q1.c:48:6:drv8245_writeData	24	static
../Core/Src/drv8245-q1.c:67:6:drv8245_updateData	16	static
../Core/Src/drv8245-q1.c:79:6:drv8245_init	16	static
../Core/Src/drv8245-q1.c:136:6:drv8245_setSlewRate	24	static
../Core/Src/drv8245-q1.c:148:6:drv8245_setOCR	24	static
../Core/Src/drv8245-q1.c:160:6:drv8245_setBridgeMode	24	static
../Core/Src/drv8245-q1.c:172:6:drv8245_reset	8	static
../Core/Src/drv8245-q1.c:185:6:drv8245_setSpiControl	24	static
../Core/Src/drv8245-q1.c:207:6:drv8245_setDriveOutput	24	static
../Core/Src/drv8245-q1.c:237:6:drv8245_lockReg	16	static
../Core/Src/drv8245-q1.c:248:6:drv8245_unlockReg	16	static
../Core/Src/drv8245-q1.c:259:6:drv8245_getFaultSummary	16	static
../Core/Src/drv8245-q1.c:287:6:drv8245_clearFaults	16	static
