../Core/Src/main.c:92:9:DWT_Init	24	static
../Core/Src/main.c:118:5:_write	40	static
../Core/Src/main.c:142:6:LED_Test	8	static
../Core/Src/main.c:155:6:TestPinConnection	32	static
../Core/Src/main.c:196:6:UARTLoopbackTest	128	static
../Core/Src/main.c:233:6:printDebug	128	static
../Core/Src/main.c:258:9:piSend	88	static
../Core/Src/main.c:288:9:piReceive	24	static
../Core/Src/main.c:316:5:main	192	static
../Core/Src/main.c:530:6:SystemClock_Config	88	static
../Core/Src/main.c:573:6:HAL_TIM_PeriodElapsedCallback	16	static
../Core/Src/main.c:587:6:Error_Handler	4	static,ignoring_inline_asm
