../Core/Src/main.c:96:9:DWT_Init	24	static
../Core/Src/main.c:122:5:_write	40	static
../Core/Src/main.c:146:6:LED_Test	8	static
../Core/Src/main.c:159:6:TestPinConnection	32	static
../Core/Src/main.c:200:6:UARTLoopbackTest	128	static
../Core/Src/main.c:237:6:printDebug	128	static
../Core/Src/main.c:262:9:piSend	88	static
../Core/Src/main.c:292:9:piReceive	24	static
../Core/Src/main.c:327:5:main	184	static
../Core/Src/main.c:534:6:SystemClock_Config	88	static
../Core/Src/main.c:577:6:HAL_TIM_PeriodElapsedCallback	16	static
../Core/Src/main.c:591:6:Error_Handler	4	static,ignoring_inline_asm
