16:54:27 **** Incremental Build of configuration Debug for project STM32G474RC ****
make -j11 all 
arm-none-eabi-gcc "../Core/Src/main.c" -mcpu=cortex-m4 -std=gnu11 -g3 -DDEBUG -DUSE_HAL_DRIVER -DSTM32G474xx -c -I../USB_Device/App -I../USB_Device/Target -I../Core/Inc -I../Drivers/STM32G4xx_HAL_Driver/Inc -I../Drivers/STM32G4xx_HAL_Driver/Inc/Legacy -I../Middlewares/ST/STM32_USB_Device_Library/Core/Inc -I../Middlewares/ST/STM32_USB_Device_Library/Class/CDC/Inc -I../Drivers/CMSIS/Device/ST/STM32G4xx/Include -I../Drivers/CMSIS/Include -O0 -ffunction-sections -fdata-sections -Wall -u _printf_float -fstack-usage -fcyclomatic-complexity -MMD -MP -MF"Core/Src/main.d" -MT"Core/Src/main.o" --specs=nano.specs -mfpu=fpv4-sp-d16 -mfloat-abi=hard -mthumb -o "Core/Src/main.o"
../Core/Src/main.c: In function 'main':
../Core/Src/main.c:445:18: warning: unused variable 'print_interval' [-Wunused-variable]
  445 |   const uint32_t print_interval = 1;
      |                  ^~~~~~~~~~~~~~
../Core/Src/main.c:444:12: warning: unused variable 'last_print_time' [-Wunused-variable]
  444 |   uint32_t last_print_time = 0;
      |            ^~~~~~~~~~~~~~~
arm-none-eabi-gcc -o "STM32G474RC.elf" @"objects.list"   -mcpu=cortex-m4 -T"/Users/caseyear/STM32CubeIDE/workspace_1.19.0/STM32G474RC/STM32G474RCTX_FLASH.ld" --specs=nosys.specs -Wl,-Map="STM32G474RC.map" -Wl,--gc-sections -static -u_printf_float --specs=nano.specs -mfpu=fpv4-sp-d16 -mfloat-abi=hard -mthumb -Wl,--start-group -lc -lm -Wl,--end-group
Finished building target: STM32G474RC.elf
 
arm-none-eabi-size  STM32G474RC.elf 
arm-none-eabi-objdump -h -S STM32G474RC.elf  > "STM32G474RC.list"
   text	   data	    bss	    dec	    hex	filename
  81272	    856	  10056	  92184	  16818	STM32G474RC.elf
Finished building: default.size.stdout
 
Finished building: STM32G474RC.list
 

16:54:28 Build Finished. 0 errors, 2 warnings. (took 671ms)

