../Core/Src/bno055.c:20:6:bno055_assign	16	static
../Core/Src/bno055.c:24:6:bno055_init	16	static
../Core/Src/bno055.c:78:6:bno055_writeData	32	static
../Core/Src/bno055.c:103:6:bno055_readData	40	static
../Core/Src/bno055.c:119:6:bno055_delay	16	static
../Core/Src/bno055.c:123:6:bno055_reset	8	static
../Core/Src/bno055.c:128:9:bno055_setPage	16	static
../Core/Src/bno055.c:133:8:bno055_getOperationMode	16	static
../Core/Src/bno055.c:139:6:bno055_setOperationMode	16	static
../Core/Src/bno055.c:144:6:bno055_setOperationModeConfig	8	static
../Core/Src/bno055.c:148:6:bno055_setOperationModeNDOF	8	static
../Core/Src/bno055.c:153:28:bno055_getCalibrationState	24	static
../Core/Src/bno055.c:167:27:bno055_getCalibrationData	72	static
../Core/Src/bno055.c:188:6:bno055_setCalibrationData	40	static
../Core/Src/bno055.c:204:8:bno055_getTemp	16	static
../Core/Src/bno055.c:210:20:bno055_getVector	144	static
../Core/Src/bno055.c:249:20:bno055_getVectorAccelerometer	88	static
../Core/Src/bno055.c:253:20:bno055_getVectorMagnetometer	88	static
../Core/Src/bno055.c:257:20:bno055_getVectorGyroscope	88	static
../Core/Src/bno055.c:261:20:bno055_getVectorEuler	88	static
../Core/Src/bno055.c:265:20:bno055_getVectorLinearAccel	88	static
../Core/Src/bno055.c:269:20:bno055_getVectorGravity	88	static
../Core/Src/bno055.c:273:20:bno055_getVectorQuaternion	88	static
